2026-08-02T06:09:15.471Z start USER=Surge-Dan TOKEN_len=377 node=v20.20.2 fetch=function
2026-08-02T06:09:15.753Z user ok public_repos=17 followers=1
2026-08-02T06:09:16.005Z repos=9 stars=9
2026-08-02T06:09:16.005Z wrote github-stats.svg
2026-08-02T06:09:18.117Z wrote top-langs.svg langs=7
2026-08-02T06:45:55.119Z start USER=Surge-Dan TOKEN_len=377 node=v20.20.2 fetch=function
2026-08-02T06:45:55.123Z wrote header.svg + wave dividers
2026-08-02T06:45:55.431Z user ok public_repos=17 followers=1
2026-08-02T06:45:55.675Z repos=9 stars=9
2026-08-02T06:45:55.676Z wrote github-stats.svg
2026-08-02T06:45:57.924Z wrote top-langs.svg langs=7
2026-08-02T06:52:50.362Z start USER=Surge-Dan TOKEN_len=377 node=v20.20.2 fetch=function
2026-08-02T06:52:50.380Z wrote header.svg + wave dividers
2026-08-02T06:52:50.597Z user ok public_repos=17 followers=1
2026-08-02T06:52:50.804Z repos=9 stars=9
2026-08-02T06:52:50.825Z wrote github-stats.svg
2026-08-02T06:52:52.328Z wrote top-langs.svg langs=7
2026-08-03T05:52:18.302Z start USER=Surge-Dan TOKEN_len=377 node=v20.20.2 fetch=function
2026-08-03T05:52:18.305Z wrote header.svg + wave dividers
2026-08-03T05:52:18.592Z user ok public_repos=16 followers=2
2026-08-03T05:52:18.979Z repos=8 stars=8
2026-08-03T05:52:18.980Z wrote github-stats.svg
2026-08-03T05:52:20.351Z wrote top-langs.svg langs=7
2026-08-04T05:24:21.524Z start USER=Surge-Dan TOKEN_len=377 node=v20.20.2 fetch=function
2026-08-04T05:24:21.527Z wrote header.svg + wave dividers
2026-08-04T05:24:21.880Z user ok public_repos=16 followers=2
2026-08-04T05:24:22.534Z repos=8 stars=8
2026-08-04T05:24:22.534Z wrote github-stats.svg
2026-08-04T05:24:24.262Z wrote top-langs.svg langs=7
2026-08-05T05:24:05.029Z start USER=Surge-Dan TOKEN_len=377 node=v20.20.2 fetch=function
2026-08-05T05:24:05.033Z wrote header.svg + wave dividers
2026-08-05T05:24:05.258Z user ok public_repos=16 followers=2
2026-08-05T05:24:05.826Z repos=8 stars=8
2026-08-05T05:24:05.827Z wrote github-stats.svg
2026-08-05T05:24:07.242Z wrote top-langs.svg langs=7
2026-08-06T05:26:18.827Z start USER=Surge-Dan TOKEN_len=377 node=v20.20.2 fetch=function
2026-08-06T05:26:18.831Z wrote header.svg + wave dividers
2026-08-06T05:26:19.071Z user ok public_repos=16 followers=2
2026-08-06T05:26:19.587Z repos=8 stars=8
2026-08-06T05:26:19.588Z wrote github-stats.svg
2026-08-06T05:26:21.004Z wrote top-langs.svg langs=7
2026-08-07T04:32:16.688Z start USER=Surge-Dan TOKEN_len=377 node=v20.20.2 fetch=function
2026-08-07T04:32:16.692Z wrote header.svg + wave dividers
2026-08-07T04:32:16.992Z user ok public_repos=16 followers=2
2026-08-07T04:32:17.588Z repos=8 stars=8
2026-08-07T04:32:17.589Z wrote github-stats.svg
2026-08-07T04:32:19.730Z wrote top-langs.svg langs=7
2026-08-08T03:42:22.763Z start USER=Surge-Dan TOKEN_len=377 node=v20.20.2 fetch=function
2026-08-08T03:42:22.767Z wrote header.svg + wave dividers
2026-08-08T03:42:23.057Z user ok public_repos=16 followers=2
2026-08-08T03:42:23.391Z repos=8 stars=8
2026-08-08T03:42:23.392Z wrote github-stats.svg
2026-08-08T03:42:25.435Z wrote top-langs.svg langs=7
2026-08-09T03:52:07.720Z start USER=Surge-Dan TOKEN_len=377 node=v20.20.2 fetch=function
2026-08-09T03:52:07.724Z wrote header.svg + wave dividers
2026-08-09T03:52:07.978Z user ok public_repos=16 followers=2
2026-08-09T03:52:08.295Z repos=8 stars=8
2026-08-09T03:52:08.295Z wrote github-stats.svg
2026-08-09T03:52:09.725Z wrote top-langs.svg langs=7
2026-08-10T04:05:59.127Z start USER=Surge-Dan TOKEN_len=377 node=v20.20.2 fetch=function
2026-08-10T04:05:59.131Z wrote header.svg + wave dividers
2026-08-10T04:05:59.299Z user ok public_repos=16 followers=2
2026-08-10T04:05:59.504Z repos=8 stars=8
2026-08-10T04:05:59.505Z wrote github-stats.svg
2026-08-10T04:06:00.711Z wrote top-langs.svg langs=2
2026-08-11T03:53:59.461Z start USER=Surge-Dan TOKEN_len=377 node=v20.20.2 fetch=function
2026-08-11T03:53:59.465Z wrote header.svg + wave dividers
2026-08-11T03:53:59.766Z user ok public_repos=16 followers=2
2026-08-11T03:54:00.304Z repos=8 stars=8
2026-08-11T03:54:00.305Z wrote github-stats.svg
2026-08-11T03:54:01.868Z wrote top-langs.svg langs=2
2026-08-12T04:16:24.353Z start USER=Surge-Dan TOKEN_len=377 node=v20.20.2 fetch=function
2026-08-12T04:16:24.357Z wrote header.svg + wave dividers
2026-08-12T04:16:24.553Z user ok public_repos=16 followers=2
2026-08-12T04:16:24.995Z repos=8 stars=8
2026-08-12T04:16:24.996Z wrote github-stats.svg
2026-08-12T04:16:26.125Z wrote top-langs.svg langs=2
2026-08-13T04:19:46.386Z start USER=Surge-Dan TOKEN_len=377 node=v20.20.2 fetch=function
2026-08-13T04:19:46.389Z wrote header.svg + wave dividers
2026-08-13T04:19:46.728Z user ok public_repos=16 followers=2
2026-08-13T04:19:47.188Z repos=8 stars=8
2026-08-13T04:19:47.188Z wrote github-stats.svg
2026-08-13T04:19:48.776Z wrote top-langs.svg langs=2
